MAP
    NAME "globe"

    IMAGECOLOR 255 255 255
    SIZE 100 100

    IMAGETYPE png

    OUTPUTFORMAT
      NAME "png"
      DRIVER AGG/PNG
      MIMETYPE "image/png;"
      IMAGEMODE RGBA
      EXTENSION "png"
      FORMATOPTION "QUANTIZE_FORCE=on"
      FORMATOPTION "QUANTIZE_COLORS=256"
      FORMATOPTION "GAMMA=0.75"
    END

    PROJECTION
        "init=epsg:4326"
    END

    WEB
        METADATA
            "ows_enable_request" "*"
        END
    END

    LAYER
        NAME 'globe'
        TYPE RASTER
        STATUS ON
        PROCESSING "RESAMPLE=AVERAGE"
        DATA "Natural_earth.tif"
        PROJECTION
            "init=epsg:4326"
        END
    END

    LAYER
        NAME 'marker'
        TYPE POINT
        STATUS ON
        FEATURE
           POINTS %lon_0% %lat_0% END 
        END
        CLASS
            STYLE
                SYMBOL 'marker'
            END
        END
    END

    SYMBOL
        NAME "marker"
        TYPE pixmap
        IMAGE "marker.png"
    END
END
